%%MatrixMarket tensor compressed real general
2 3 4 12 row 3
4
8
12
1 0          1
3 0          2
0 1          7
2 1          8
0 0          3
2 0          4
1 1          9
2 1         10
1 0          5
2 0          6
0 1         11
3 1         12
