%%MatrixMarket tensor compressed real general
2 3 4 12 tube 2
6
12
1 0          3
0 1          1
2 1          5
1 2          4
2 2          6
0 3          2
0 0          7
2 0         11
1 1          9
0 2          8
1 2         10
2 3         12
