%%MatrixMarket tensor compressed real general
2 3 4 12 column 4
3
6
10
12
1 0          3
0 1          7
2 1         11
0 0          1
2 0          5
1 1          9
1 0          4
2 0          6
0 1          8
1 1         10
0 0          2
2 1         12
