%%MatrixMarket tensor compressed real general
3 3 3 27 row 3
9
18
27
0 0          1
1 0          2
2 0          3
0 1         10
1 1         11
2 1         12
0 2         19
1 2         20
2 2         21
0 0          4
1 0          5
2 0          6
0 1         13
1 1         14
2 1         15
0 2         22
1 2         23
2 2         24
0 0          7
1 0          8
2 0          9
0 1         16
1 1         17
2 1         18
0 2         25
1 2         26
2 2         27
