%%MatrixMarket tensor ekmr real general
3 3 3 27 row 3
9
18
27
0          1
1         10
2         19
3          2
4         11
5         20
6          3
7         12
8         21
0          4
1         13
2         22
3          5
4         14
5         23
6          6
7         15
8         24
0          7
1         16
2         25
3          8
4         17
5         26
6          9
7         18
8         27
