%%MatrixMarket tensor ekmr real general
2 3 4 12 column 8
1
3
5
6
8
10
11
12
1          3
0          7
2         11
0          1
2          5
1          9
1          4
2          6
0          8
1         10
0          2
2         12
