%%MatrixMarket tensor ekmr real general
2 3 4 12 row 3
4
8
12
1          7
2          1
5          8
6          2
0          3
3          9
4          4
5         10
1         11
2          5
4          6
7         12
