%%MatrixMarket tensor pkmr real general
2 3 4 12 tube 2
6
12
1          1
3          2
3          3
5          4
7          5
8          6
0          7
2          8
4          9
5         10
6         11
9         12
