%%MatrixMarket tensor zzpkmr real general
2 3 4 12 column 4
3
6
10
12
1          7
2          3
5         11
4          5
3          9
0          1
1          8
2          4
3         10
4          6
5         12
0          2
